Archive member included to satisfy reference by file (symbol)

../lights_bsp//libhal_bsp.a(alt_load.o)
                              ../lights_bsp//obj/HAL/src/crt0.o (alt_load)
../lights_bsp//libhal_bsp.a(alt_main.o)
                              ../lights_bsp//obj/HAL/src/crt0.o (alt_main)
../lights_bsp//libhal_bsp.a(alt_printf.o)
                              obj/default/hello_world_small.o (alt_printf)
../lights_bsp//libhal_bsp.a(alt_putchar.o)
                              ../lights_bsp//libhal_bsp.a(alt_printf.o) (alt_putchar)
../lights_bsp//libhal_bsp.a(alt_putstr.o)
                              obj/default/hello_world_small.o (alt_putstr)
../lights_bsp//libhal_bsp.a(alt_sys_init.o)
                              ../lights_bsp//libhal_bsp.a(alt_main.o) (alt_irq_init)
../lights_bsp//libhal_bsp.a(altera_avalon_jtag_uart_write.o)
                              ../lights_bsp//libhal_bsp.a(alt_putchar.o) (altera_avalon_jtag_uart_write)
../lights_bsp//libhal_bsp.a(alt_dcache_flush_all.o)
                              ../lights_bsp//libhal_bsp.a(alt_load.o) (alt_dcache_flush_all)
../lights_bsp//libhal_bsp.a(alt_icache_flush_all.o)
                              ../lights_bsp//libhal_bsp.a(alt_load.o) (alt_icache_flush_all)
../lights_bsp//libhal_bsp.a(altera_nios2_gen2_irq.o)
                              ../lights_bsp//libhal_bsp.a(alt_sys_init.o) (altera_nios2_gen2_irq_init)
/opt/altera/nios2eds/bin/gnu/H-x86_64-pc-linux-gnu/bin/../lib/gcc/nios2-elf/5.3.0/../../../../../H-x86_64-pc-linux-gnu/nios2-elf/lib/mno-hw-mul/libsmallc.a(lib_a-strlen.o)
                              ../lights_bsp//libhal_bsp.a(alt_putstr.o) (strlen)

Memory Configuration

Name             Origin             Length             Attributes
reset            0x0000000000000000 0x0000000000000020
sdram            0x0000000000000020 0x0000000007ffffe0
onchip_memory    0x0000000008002000 0x0000000000002000
*default*        0x0000000000000000 0xffffffffffffffff

Linker script and memory map

LOAD ../lights_bsp//obj/HAL/src/crt0.o
LOAD obj/default/hello_world_small.o
LOAD /opt/altera/nios2eds/bin/gnu/H-x86_64-pc-linux-gnu/bin/../lib/gcc/nios2-elf/5.3.0/../../../../../H-x86_64-pc-linux-gnu/nios2-elf/lib/mno-hw-mul/libstdc++.a
LOAD /opt/altera/nios2eds/bin/gnu/H-x86_64-pc-linux-gnu/bin/../lib/gcc/nios2-elf/5.3.0/../../../../../H-x86_64-pc-linux-gnu/nios2-elf/lib/mno-hw-mul/libm.a
LOAD /opt/altera/nios2eds/bin/gnu/H-x86_64-pc-linux-gnu/bin/../lib/gcc/nios2-elf/5.3.0/mno-hw-mul/libgcc.a
START GROUP
LOAD /opt/altera/nios2eds/bin/gnu/H-x86_64-pc-linux-gnu/bin/../lib/gcc/nios2-elf/5.3.0/../../../../../H-x86_64-pc-linux-gnu/nios2-elf/lib/mno-hw-mul/libsmallc.a
LOAD /opt/altera/nios2eds/bin/gnu/H-x86_64-pc-linux-gnu/bin/../lib/gcc/nios2-elf/5.3.0/mno-hw-mul/libgcc.a
LOAD ../lights_bsp//libhal_bsp.a
LOAD /opt/altera/nios2eds/bin/gnu/H-x86_64-pc-linux-gnu/bin/../lib/gcc/nios2-elf/5.3.0/../../../../../H-x86_64-pc-linux-gnu/nios2-elf/lib/mno-hw-mul/libm.a
END GROUP
LOAD /opt/altera/nios2eds/bin/gnu/H-x86_64-pc-linux-gnu/bin/../lib/gcc/nios2-elf/5.3.0/mno-hw-mul/libgcc.a
                0x0000000000000000                __alt_mem_sdram = 0x0
                0x0000000008002000                __alt_mem_onchip_memory = 0x8002000

.entry          0x0000000000000000       0x20
 *(.entry)
 .entry         0x0000000000000000       0x20 ../lights_bsp//obj/HAL/src/crt0.o
                0x0000000000000000                __reset
                0x000000000000000c                _exit

.exceptions     0x0000000000000020        0x0
                0x0000000000000020                PROVIDE (__ram_exceptions_start, ABSOLUTE (.))
                0x0000000000000020                . = ALIGN (0x20)
 *(.irq)
 *(.exceptions.entry.label)
 *(.exceptions.entry.user)
 *(.exceptions.entry.ecc_fatal)
 *(.exceptions.entry)
 *(.exceptions.irqtest.user)
 *(.exceptions.irqtest)
 *(.exceptions.irqhandler.user)
 *(.exceptions.irqhandler)
 *(.exceptions.irqreturn.user)
 *(.exceptions.irqreturn)
 *(.exceptions.notirq.label)
 *(.exceptions.notirq.user)
 *(.exceptions.notirq)
 *(.exceptions.soft.user)
 *(.exceptions.soft)
 *(.exceptions.unknown.user)
 *(.exceptions.unknown)
 *(.exceptions.exit.label)
 *(.exceptions.exit.user)
 *(.exceptions.exit)
 *(.exceptions)
                0x0000000000000020                PROVIDE (__ram_exceptions_end, ABSOLUTE (.))
                0x0000000000000020                PROVIDE (__flash_exceptions_start, LOADADDR (.exceptions))

.text           0x0000000008002000      0x430
                [!provide]                        PROVIDE (stext, ABSOLUTE (.))
 *(.interp)
 *(.hash)
 *(.dynsym)
 *(.dynstr)
 *(.gnu.version)
 *(.gnu.version_d)
 *(.gnu.version_r)
 *(.rel.init)
 *(.rela.init)
 *(.rel.text .rel.text.* .rel.gnu.linkonce.t.*)
 *(.rela.text .rela.text.* .rela.gnu.linkonce.t.*)
 *(.rel.fini)
 *(.rela.fini)
 *(.rel.rodata .rel.rodata.* .rel.gnu.linkonce.r.*)
 *(.rela.rodata .rela.rodata.* .rela.gnu.linkonce.r.*)
 *(.rel.data .rel.data.* .rel.gnu.linkonce.d.*)
 *(.rela.data .rela.data.* .rela.gnu.linkonce.d.*)
 *(.rel.tdata .rel.tdata.* .rel.gnu.linkonce.td.*)
 *(.rela.tdata .rela.tdata.* .rela.gnu.linkonce.td.*)
 *(.rel.tbss .rel.tbss.* .rel.gnu.linkonce.tb.*)
 *(.rela.tbss .rela.tbss.* .rela.gnu.linkonce.tb.*)
 *(.rel.ctors)
 *(.rela.ctors)
 *(.rel.dtors)
 *(.rela.dtors)
 *(.rel.got)
 *(.rela.got)
 *(.rel.sdata .rel.sdata.* .rel.gnu.linkonce.s.*)
 *(.rela.sdata .rela.sdata.* .rela.gnu.linkonce.s.*)
 *(.rel.sbss .rel.sbss.* .rel.gnu.linkonce.sb.*)
 *(.rela.sbss .rela.sbss.* .rela.gnu.linkonce.sb.*)
 *(.rel.sdata2 .rel.sdata2.* .rel.gnu.linkonce.s2.*)
 *(.rela.sdata2 .rela.sdata2.* .rela.gnu.linkonce.s2.*)
 *(.rel.sbss2 .rel.sbss2.* .rel.gnu.linkonce.sb2.*)
 *(.rela.sbss2 .rela.sbss2.* .rela.gnu.linkonce.sb2.*)
 *(.rel.bss .rel.bss.* .rel.gnu.linkonce.b.*)
 *(.rela.bss .rela.bss.* .rela.gnu.linkonce.b.*)
 *(.rel.plt)
 *(.rela.plt)
 *(.rel.dyn)
 *(.init)
 *(.plt)
 *(.text .stub .text.* .gnu.linkonce.t.*)
 .text          0x0000000008002000       0x3c ../lights_bsp//obj/HAL/src/crt0.o
                0x0000000008002000                _start
 .text          0x000000000800203c        0x0 obj/default/hello_world_small.o
 .text.startup  0x000000000800203c       0x74 obj/default/hello_world_small.o
                0x000000000800203c                main
 .text          0x00000000080020b0       0xe0 ../lights_bsp//libhal_bsp.a(alt_load.o)
                0x00000000080020b0                alt_load
 .text          0x0000000008002190       0x2c ../lights_bsp//libhal_bsp.a(alt_main.o)
                0x0000000008002190                alt_main
 .text          0x00000000080021bc      0x170 ../lights_bsp//libhal_bsp.a(alt_printf.o)
                0x00000000080021bc                alt_printf
 .text          0x000000000800232c       0x48 ../lights_bsp//libhal_bsp.a(alt_putchar.o)
                0x000000000800232c                alt_putchar
 .text          0x0000000008002374       0x38 ../lights_bsp//libhal_bsp.a(alt_putstr.o)
                0x0000000008002374                alt_putstr
 .text          0x00000000080023ac       0x24 ../lights_bsp//libhal_bsp.a(alt_sys_init.o)
                0x00000000080023ac                alt_irq_init
                0x00000000080023cc                alt_sys_init
 .text          0x00000000080023d0       0x34 ../lights_bsp//libhal_bsp.a(altera_avalon_jtag_uart_write.o)
                0x00000000080023d0                altera_avalon_jtag_uart_write
 .text          0x0000000008002404        0x4 ../lights_bsp//libhal_bsp.a(alt_dcache_flush_all.o)
                0x0000000008002404                alt_dcache_flush_all
 .text          0x0000000008002408        0x4 ../lights_bsp//libhal_bsp.a(alt_icache_flush_all.o)
                0x0000000008002408                alt_icache_flush_all
 .text          0x000000000800240c        0x8 ../lights_bsp//libhal_bsp.a(altera_nios2_gen2_irq.o)
                0x000000000800240c                altera_nios2_gen2_irq_init
 .text          0x0000000008002414        0x0 /opt/altera/nios2eds/bin/gnu/H-x86_64-pc-linux-gnu/bin/../lib/gcc/nios2-elf/5.3.0/../../../../../H-x86_64-pc-linux-gnu/nios2-elf/lib/mno-hw-mul/libsmallc.a(lib_a-strlen.o)
 .text.strlen   0x0000000008002414       0x1c /opt/altera/nios2eds/bin/gnu/H-x86_64-pc-linux-gnu/bin/../lib/gcc/nios2-elf/5.3.0/../../../../../H-x86_64-pc-linux-gnu/nios2-elf/lib/mno-hw-mul/libsmallc.a(lib_a-strlen.o)
                0x0000000008002414                strlen
 *(.gnu.warning.*)
 *(.fini)
                [!provide]                        PROVIDE (__etext, ABSOLUTE (.))
                [!provide]                        PROVIDE (_etext, ABSOLUTE (.))
                [!provide]                        PROVIDE (etext, ABSOLUTE (.))
 *(.eh_frame_hdr)
                0x0000000008002430                . = ALIGN (0x4)
                [!provide]                        PROVIDE (__preinit_array_start, ABSOLUTE (.))
 *(.preinit_array)
                [!provide]                        PROVIDE (__preinit_array_end, ABSOLUTE (.))
                [!provide]                        PROVIDE (__init_array_start, ABSOLUTE (.))
 *(.init_array)
                [!provide]                        PROVIDE (__init_array_end, ABSOLUTE (.))
                [!provide]                        PROVIDE (__fini_array_start, ABSOLUTE (.))
 *(.fini_array)
                [!provide]                        PROVIDE (__fini_array_end, ABSOLUTE (.))
 *(.eh_frame)
 *(.gcc_except_table .gcc_except_table.*)
 *(.dynamic)
                [!provide]                        PROVIDE (__CTOR_LIST__, ABSOLUTE (.))
 *(.ctors)
 *(SORT(.ctors.*))
                [!provide]                        PROVIDE (__CTOR_END__, ABSOLUTE (.))
                [!provide]                        PROVIDE (__DTOR_LIST__, ABSOLUTE (.))
 *(.dtors)
 *(SORT(.dtors.*))
                [!provide]                        PROVIDE (__DTOR_END__, ABSOLUTE (.))
 *(.jcr)
                0x0000000008002430                . = ALIGN (0x4)

.rodata         0x0000000008002430       0x20
                0x0000000008002430                PROVIDE (__ram_rodata_start, ABSOLUTE (.))
                0x0000000008002430                . = ALIGN (0x4)
 *(.rodata .rodata.* .gnu.linkonce.r.*)
 .rodata.str1.4
                0x0000000008002430       0x20 obj/default/hello_world_small.o
 *(.rodata1)
                0x0000000008002450                . = ALIGN (0x4)
                0x0000000008002450                PROVIDE (__ram_rodata_end, ABSOLUTE (.))
                0x0000000008002430                PROVIDE (__flash_rodata_start, LOADADDR (.rodata))

.rwdata         0x0000000008002450        0x4 load address 0x0000000008002454
                0x0000000008002450                PROVIDE (__ram_rwdata_start, ABSOLUTE (.))
                0x0000000008002450                . = ALIGN (0x4)
 *(.got.plt)
 *(.got)
 *(.data1)
 *(.data .data.* .gnu.linkonce.d.*)
 .data          0x0000000008002450        0x0 ../lights_bsp//obj/HAL/src/crt0.o
 .data          0x0000000008002450        0x0 obj/default/hello_world_small.o
 .data          0x0000000008002450        0x0 ../lights_bsp//libhal_bsp.a(alt_load.o)
 .data          0x0000000008002450        0x0 ../lights_bsp//libhal_bsp.a(alt_main.o)
 .data          0x0000000008002450        0x0 ../lights_bsp//libhal_bsp.a(alt_printf.o)
 .data          0x0000000008002450        0x0 ../lights_bsp//libhal_bsp.a(alt_putchar.o)
 .data          0x0000000008002450        0x0 ../lights_bsp//libhal_bsp.a(alt_putstr.o)
 .data          0x0000000008002450        0x0 ../lights_bsp//libhal_bsp.a(alt_sys_init.o)
 .data          0x0000000008002450        0x0 ../lights_bsp//libhal_bsp.a(altera_avalon_jtag_uart_write.o)
 .data          0x0000000008002450        0x0 ../lights_bsp//libhal_bsp.a(alt_dcache_flush_all.o)
 .data          0x0000000008002450        0x0 ../lights_bsp//libhal_bsp.a(alt_icache_flush_all.o)
 .data          0x0000000008002450        0x0 ../lights_bsp//libhal_bsp.a(altera_nios2_gen2_irq.o)
 .data          0x0000000008002450        0x0 /opt/altera/nios2eds/bin/gnu/H-x86_64-pc-linux-gnu/bin/../lib/gcc/nios2-elf/5.3.0/../../../../../H-x86_64-pc-linux-gnu/nios2-elf/lib/mno-hw-mul/libsmallc.a(lib_a-strlen.o)
                0x000000000800a450                _gp = ABSOLUTE ((. + 0x8000))
                [!provide]                        PROVIDE (gp, _gp)
 *(.rwdata .rwdata.*)
 *(.sdata .sdata.* .gnu.linkonce.s.*)
 .sdata         0x0000000008002450        0x4 ../lights_bsp//libhal_bsp.a(alt_sys_init.o)
                0x0000000008002450                jtag_uart
 *(.sdata2 .sdata2.* .gnu.linkonce.s2.*)
                0x0000000008002454                . = ALIGN (0x4)
                0x0000000008002454                _edata = ABSOLUTE (.)
                [!provide]                        PROVIDE (edata, ABSOLUTE (.))
                0x0000000008002454                PROVIDE (__ram_rwdata_end, ABSOLUTE (.))
                0x0000000008002454                PROVIDE (__flash_rwdata_start, LOADADDR (.rwdata))

.bss            0x0000000008002458        0xc
                0x0000000008002458                __bss_start = ABSOLUTE (.)
                [!provide]                        PROVIDE (__sbss_start, ABSOLUTE (.))
                [!provide]                        PROVIDE (___sbss_start, ABSOLUTE (.))
 *(.dynsbss)
 *(.sbss .sbss.* .gnu.linkonce.sb.*)
 .sbss          0x0000000008002458        0xc ../lights_bsp//libhal_bsp.a(alt_main.o)
                0x0000000008002458                alt_envp
                0x000000000800245c                alt_argv
                0x0000000008002460                alt_argc
 *(.sbss2 .sbss2.* .gnu.linkonce.sb2.*)
 *(.scommon)
                [!provide]                        PROVIDE (__sbss_end, ABSOLUTE (.))
                [!provide]                        PROVIDE (___sbss_end, ABSOLUTE (.))
 *(.dynbss)
 *(.bss .bss.* .gnu.linkonce.b.*)
 .bss           0x0000000008002464        0x0 ../lights_bsp//obj/HAL/src/crt0.o
 .bss           0x0000000008002464        0x0 obj/default/hello_world_small.o
 .bss           0x0000000008002464        0x0 ../lights_bsp//libhal_bsp.a(alt_load.o)
 .bss           0x0000000008002464        0x0 ../lights_bsp//libhal_bsp.a(alt_main.o)
 .bss           0x0000000008002464        0x0 ../lights_bsp//libhal_bsp.a(alt_printf.o)
 .bss           0x0000000008002464        0x0 ../lights_bsp//libhal_bsp.a(alt_putchar.o)
 .bss           0x0000000008002464        0x0 ../lights_bsp//libhal_bsp.a(alt_putstr.o)
 .bss           0x0000000008002464        0x0 ../lights_bsp//libhal_bsp.a(alt_sys_init.o)
 .bss           0x0000000008002464        0x0 ../lights_bsp//libhal_bsp.a(altera_avalon_jtag_uart_write.o)
 .bss           0x0000000008002464        0x0 ../lights_bsp//libhal_bsp.a(alt_dcache_flush_all.o)
 .bss           0x0000000008002464        0x0 ../lights_bsp//libhal_bsp.a(alt_icache_flush_all.o)
 .bss           0x0000000008002464        0x0 ../lights_bsp//libhal_bsp.a(altera_nios2_gen2_irq.o)
 .bss           0x0000000008002464        0x0 /opt/altera/nios2eds/bin/gnu/H-x86_64-pc-linux-gnu/bin/../lib/gcc/nios2-elf/5.3.0/../../../../../H-x86_64-pc-linux-gnu/nios2-elf/lib/mno-hw-mul/libsmallc.a(lib_a-strlen.o)
 *(COMMON)
                0x0000000008002464                . = ALIGN (0x4)
                0x0000000008002464                __bss_end = ABSOLUTE (.)

.sdram          0x0000000000000020        0x0 load address 0x0000000008002464
                [!provide]                        PROVIDE (_alt_partition_sdram_start, ABSOLUTE (.))
 *(.sdram .sdram. sdram.*)
                0x0000000000000020                . = ALIGN (0x4)
                [!provide]                        PROVIDE (_alt_partition_sdram_end, ABSOLUTE (.))
                [!provide]                        PROVIDE (_alt_partition_sdram_load_addr, LOADADDR (.sdram))

.onchip_memory  0x0000000008002464        0x0
                [!provide]                        PROVIDE (_alt_partition_onchip_memory_start, ABSOLUTE (.))
 *(.onchip_memory .onchip_memory. onchip_memory.*)
                0x0000000008002464                . = ALIGN (0x4)
                [!provide]                        PROVIDE (_alt_partition_onchip_memory_end, ABSOLUTE (.))
                0x0000000008002464                _end = ABSOLUTE (.)
                0x0000000008002464                end = ABSOLUTE (.)
                0x0000000008002464                __alt_stack_base = ABSOLUTE (.)
                [!provide]                        PROVIDE (_alt_partition_onchip_memory_load_addr, LOADADDR (.onchip_memory))

.stab
 *(.stab)

.stabstr
 *(.stabstr)

.stab.excl
 *(.stab.excl)

.stab.exclstr
 *(.stab.exclstr)

.stab.index
 *(.stab.index)

.stab.indexstr
 *(.stab.indexstr)

.comment        0x0000000000000000       0x23
 *(.comment)
 .comment       0x0000000000000000       0x23 obj/default/hello_world_small.o
                                         0x24 (size before relaxing)
 .comment       0x0000000000000023       0x24 ../lights_bsp//libhal_bsp.a(alt_load.o)
 .comment       0x0000000000000023       0x24 ../lights_bsp//libhal_bsp.a(alt_main.o)
 .comment       0x0000000000000023       0x24 ../lights_bsp//libhal_bsp.a(alt_printf.o)
 .comment       0x0000000000000023       0x24 ../lights_bsp//libhal_bsp.a(alt_putchar.o)
 .comment       0x0000000000000023       0x24 ../lights_bsp//libhal_bsp.a(alt_putstr.o)
 .comment       0x0000000000000023       0x24 ../lights_bsp//libhal_bsp.a(alt_sys_init.o)
 .comment       0x0000000000000023       0x24 ../lights_bsp//libhal_bsp.a(altera_avalon_jtag_uart_write.o)
 .comment       0x0000000000000023       0x24 ../lights_bsp//libhal_bsp.a(alt_dcache_flush_all.o)
 .comment       0x0000000000000023       0x24 ../lights_bsp//libhal_bsp.a(alt_icache_flush_all.o)
 .comment       0x0000000000000023       0x24 ../lights_bsp//libhal_bsp.a(altera_nios2_gen2_irq.o)
 .comment       0x0000000000000023       0x24 /opt/altera/nios2eds/bin/gnu/H-x86_64-pc-linux-gnu/bin/../lib/gcc/nios2-elf/5.3.0/../../../../../H-x86_64-pc-linux-gnu/nios2-elf/lib/mno-hw-mul/libsmallc.a(lib_a-strlen.o)

.debug
 *(.debug)

.line
 *(.line)

.debug_srcinfo
 *(.debug_srcinfo)

.debug_sfnames
 *(.debug_sfnames)

.debug_aranges  0x0000000000000000      0x1a8
 *(.debug_aranges)
 .debug_aranges
                0x0000000000000000       0x28 ../lights_bsp//obj/HAL/src/crt0.o
 .debug_aranges
                0x0000000000000028       0x20 obj/default/hello_world_small.o
 .debug_aranges
                0x0000000000000048       0x20 ../lights_bsp//libhal_bsp.a(alt_load.o)
 .debug_aranges
                0x0000000000000068       0x20 ../lights_bsp//libhal_bsp.a(alt_main.o)
 .debug_aranges
                0x0000000000000088       0x20 ../lights_bsp//libhal_bsp.a(alt_printf.o)
 .debug_aranges
                0x00000000000000a8       0x20 ../lights_bsp//libhal_bsp.a(alt_putchar.o)
 .debug_aranges
                0x00000000000000c8       0x20 ../lights_bsp//libhal_bsp.a(alt_putstr.o)
 .debug_aranges
                0x00000000000000e8       0x20 ../lights_bsp//libhal_bsp.a(alt_sys_init.o)
 .debug_aranges
                0x0000000000000108       0x20 ../lights_bsp//libhal_bsp.a(altera_avalon_jtag_uart_write.o)
 .debug_aranges
                0x0000000000000128       0x20 ../lights_bsp//libhal_bsp.a(alt_dcache_flush_all.o)
 .debug_aranges
                0x0000000000000148       0x20 ../lights_bsp//libhal_bsp.a(alt_icache_flush_all.o)
 .debug_aranges
                0x0000000000000168       0x20 ../lights_bsp//libhal_bsp.a(altera_nios2_gen2_irq.o)
 .debug_aranges
                0x0000000000000188       0x20 /opt/altera/nios2eds/bin/gnu/H-x86_64-pc-linux-gnu/bin/../lib/gcc/nios2-elf/5.3.0/../../../../../H-x86_64-pc-linux-gnu/nios2-elf/lib/mno-hw-mul/libsmallc.a(lib_a-strlen.o)

.debug_pubnames
 *(.debug_pubnames)

.debug_info     0x0000000000000000      0xdd3
 *(.debug_info .gnu.linkonce.wi.*)
 .debug_info    0x0000000000000000       0x69 ../lights_bsp//obj/HAL/src/crt0.o
 .debug_info    0x0000000000000069       0xec obj/default/hello_world_small.o
 .debug_info    0x0000000000000155      0x1c9 ../lights_bsp//libhal_bsp.a(alt_load.o)
 .debug_info    0x000000000000031e      0x169 ../lights_bsp//libhal_bsp.a(alt_main.o)
 .debug_info    0x0000000000000487      0x14d ../lights_bsp//libhal_bsp.a(alt_printf.o)
 .debug_info    0x00000000000005d4      0x12a ../lights_bsp//libhal_bsp.a(alt_putchar.o)
 .debug_info    0x00000000000006fe      0x13a ../lights_bsp//libhal_bsp.a(alt_putstr.o)
 .debug_info    0x0000000000000838      0x185 ../lights_bsp//libhal_bsp.a(alt_sys_init.o)
 .debug_info    0x00000000000009bd      0x197 ../lights_bsp//libhal_bsp.a(altera_avalon_jtag_uart_write.o)
 .debug_info    0x0000000000000b54       0x92 ../lights_bsp//libhal_bsp.a(alt_dcache_flush_all.o)
 .debug_info    0x0000000000000be6       0x92 ../lights_bsp//libhal_bsp.a(alt_icache_flush_all.o)
 .debug_info    0x0000000000000c78       0x92 ../lights_bsp//libhal_bsp.a(altera_nios2_gen2_irq.o)
 .debug_info    0x0000000000000d0a       0xc9 /opt/altera/nios2eds/bin/gnu/H-x86_64-pc-linux-gnu/bin/../lib/gcc/nios2-elf/5.3.0/../../../../../H-x86_64-pc-linux-gnu/nios2-elf/lib/mno-hw-mul/libsmallc.a(lib_a-strlen.o)

.debug_abbrev   0x0000000000000000      0x81a
 *(.debug_abbrev)
 .debug_abbrev  0x0000000000000000       0x12 ../lights_bsp//obj/HAL/src/crt0.o
 .debug_abbrev  0x0000000000000012       0xa7 obj/default/hello_world_small.o
 .debug_abbrev  0x00000000000000b9       0xd8 ../lights_bsp//libhal_bsp.a(alt_load.o)
 .debug_abbrev  0x0000000000000191       0xee ../lights_bsp//libhal_bsp.a(alt_main.o)
 .debug_abbrev  0x000000000000027f       0xd5 ../lights_bsp//libhal_bsp.a(alt_printf.o)
 .debug_abbrev  0x0000000000000354       0xd2 ../lights_bsp//libhal_bsp.a(alt_putchar.o)
 .debug_abbrev  0x0000000000000426       0xd3 ../lights_bsp//libhal_bsp.a(alt_putstr.o)
 .debug_abbrev  0x00000000000004f9      0x107 ../lights_bsp//libhal_bsp.a(alt_sys_init.o)
 .debug_abbrev  0x0000000000000600       0xd5 ../lights_bsp//libhal_bsp.a(altera_avalon_jtag_uart_write.o)
 .debug_abbrev  0x00000000000006d5       0x42 ../lights_bsp//libhal_bsp.a(alt_dcache_flush_all.o)
 .debug_abbrev  0x0000000000000717       0x42 ../lights_bsp//libhal_bsp.a(alt_icache_flush_all.o)
 .debug_abbrev  0x0000000000000759       0x42 ../lights_bsp//libhal_bsp.a(altera_nios2_gen2_irq.o)
 .debug_abbrev  0x000000000000079b       0x7f /opt/altera/nios2eds/bin/gnu/H-x86_64-pc-linux-gnu/bin/../lib/gcc/nios2-elf/5.3.0/../../../../../H-x86_64-pc-linux-gnu/nios2-elf/lib/mno-hw-mul/libsmallc.a(lib_a-strlen.o)

.debug_line     0x0000000000000000      0x8a0
 *(.debug_line)
 .debug_line    0x0000000000000000       0x66 ../lights_bsp//obj/HAL/src/crt0.o
 .debug_line    0x0000000000000066       0xa5 obj/default/hello_world_small.o
 .debug_line    0x000000000000010b       0xa4 ../lights_bsp//libhal_bsp.a(alt_load.o)
 .debug_line    0x00000000000001af       0xbd ../lights_bsp//libhal_bsp.a(alt_main.o)
 .debug_line    0x000000000000026c      0x10c ../lights_bsp//libhal_bsp.a(alt_printf.o)
 .debug_line    0x0000000000000378       0x55 ../lights_bsp//libhal_bsp.a(alt_putchar.o)
 .debug_line    0x00000000000003cd       0x9a ../lights_bsp//libhal_bsp.a(alt_putstr.o)
 .debug_line    0x0000000000000467      0x101 ../lights_bsp//libhal_bsp.a(alt_sys_init.o)
 .debug_line    0x0000000000000568       0xf0 ../lights_bsp//libhal_bsp.a(altera_avalon_jtag_uart_write.o)
 .debug_line    0x0000000000000658       0x4e ../lights_bsp//libhal_bsp.a(alt_dcache_flush_all.o)
 .debug_line    0x00000000000006a6       0x4e ../lights_bsp//libhal_bsp.a(alt_icache_flush_all.o)
 .debug_line    0x00000000000006f4       0x50 ../lights_bsp//libhal_bsp.a(altera_nios2_gen2_irq.o)
 .debug_line    0x0000000000000744      0x15c /opt/altera/nios2eds/bin/gnu/H-x86_64-pc-linux-gnu/bin/../lib/gcc/nios2-elf/5.3.0/../../../../../H-x86_64-pc-linux-gnu/nios2-elf/lib/mno-hw-mul/libsmallc.a(lib_a-strlen.o)

.debug_frame    0x0000000000000000      0x220
 *(.debug_frame)
 .debug_frame   0x0000000000000000       0x34 obj/default/hello_world_small.o
 .debug_frame   0x0000000000000034       0x30 ../lights_bsp//libhal_bsp.a(alt_load.o)
 .debug_frame   0x0000000000000064       0x2c ../lights_bsp//libhal_bsp.a(alt_main.o)
 .debug_frame   0x0000000000000090       0x54 ../lights_bsp//libhal_bsp.a(alt_printf.o)
 .debug_frame   0x00000000000000e4       0x30 ../lights_bsp//libhal_bsp.a(alt_putchar.o)
 .debug_frame   0x0000000000000114       0x30 ../lights_bsp//libhal_bsp.a(alt_putstr.o)
 .debug_frame   0x0000000000000144       0x3c ../lights_bsp//libhal_bsp.a(alt_sys_init.o)
 .debug_frame   0x0000000000000180       0x20 ../lights_bsp//libhal_bsp.a(altera_avalon_jtag_uart_write.o)
 .debug_frame   0x00000000000001a0       0x20 ../lights_bsp//libhal_bsp.a(alt_dcache_flush_all.o)
 .debug_frame   0x00000000000001c0       0x20 ../lights_bsp//libhal_bsp.a(alt_icache_flush_all.o)
 .debug_frame   0x00000000000001e0       0x20 ../lights_bsp//libhal_bsp.a(altera_nios2_gen2_irq.o)
 .debug_frame   0x0000000000000200       0x20 /opt/altera/nios2eds/bin/gnu/H-x86_64-pc-linux-gnu/bin/../lib/gcc/nios2-elf/5.3.0/../../../../../H-x86_64-pc-linux-gnu/nios2-elf/lib/mno-hw-mul/libsmallc.a(lib_a-strlen.o)

.debug_str      0x0000000000000000      0x62b
 *(.debug_str)
 .debug_str     0x0000000000000000      0x10d obj/default/hello_world_small.o
                                        0x139 (size before relaxing)
 .debug_str     0x000000000000010d      0x165 ../lights_bsp//libhal_bsp.a(alt_load.o)
                                        0x237 (size before relaxing)
 .debug_str     0x0000000000000272       0x8f ../lights_bsp//libhal_bsp.a(alt_main.o)
                                        0x1b0 (size before relaxing)
 .debug_str     0x0000000000000301       0x59 ../lights_bsp//libhal_bsp.a(alt_printf.o)
                                        0x101 (size before relaxing)
 .debug_str     0x000000000000035a       0x5e ../lights_bsp//libhal_bsp.a(alt_putchar.o)
                                        0x186 (size before relaxing)
 .debug_str     0x00000000000003b8       0x1c ../lights_bsp//libhal_bsp.a(alt_putstr.o)
                                        0x18b (size before relaxing)
 .debug_str     0x00000000000003d4       0x86 ../lights_bsp//libhal_bsp.a(alt_sys_init.o)
                                        0x21f (size before relaxing)
 .debug_str     0x000000000000045a       0x38 ../lights_bsp//libhal_bsp.a(altera_avalon_jtag_uart_write.o)
                                        0x210 (size before relaxing)
 .debug_str     0x0000000000000492       0x1f ../lights_bsp//libhal_bsp.a(alt_dcache_flush_all.o)
                                        0x150 (size before relaxing)
 .debug_str     0x00000000000004b1       0x1f ../lights_bsp//libhal_bsp.a(alt_icache_flush_all.o)
                                        0x150 (size before relaxing)
 .debug_str     0x00000000000004d0       0x20 ../lights_bsp//libhal_bsp.a(altera_nios2_gen2_irq.o)
                                        0x157 (size before relaxing)
 .debug_str     0x00000000000004f0      0x13b /opt/altera/nios2eds/bin/gnu/H-x86_64-pc-linux-gnu/bin/../lib/gcc/nios2-elf/5.3.0/../../../../../H-x86_64-pc-linux-gnu/nios2-elf/lib/mno-hw-mul/libsmallc.a(lib_a-strlen.o)
                                        0x1e6 (size before relaxing)

.debug_loc      0x0000000000000000      0x320
 *(.debug_loc)
 .debug_loc     0x0000000000000000       0x15 obj/default/hello_world_small.o
 .debug_loc     0x0000000000000015      0x1de ../lights_bsp//libhal_bsp.a(alt_printf.o)
 .debug_loc     0x00000000000001f3       0x2c ../lights_bsp//libhal_bsp.a(alt_putchar.o)
 .debug_loc     0x000000000000021f       0x37 ../lights_bsp//libhal_bsp.a(alt_putstr.o)
 .debug_loc     0x0000000000000256       0x21 ../lights_bsp//libhal_bsp.a(alt_sys_init.o)
 .debug_loc     0x0000000000000277       0x8b ../lights_bsp//libhal_bsp.a(altera_avalon_jtag_uart_write.o)
 .debug_loc     0x0000000000000302       0x1e /opt/altera/nios2eds/bin/gnu/H-x86_64-pc-linux-gnu/bin/../lib/gcc/nios2-elf/5.3.0/../../../../../H-x86_64-pc-linux-gnu/nios2-elf/lib/mno-hw-mul/libsmallc.a(lib_a-strlen.o)

.debug_macinfo
 *(.debug_macinfo)

.debug_weaknames
 *(.debug_weaknames)

.debug_funcnames
 *(.debug_funcnames)

.debug_typenames
 *(.debug_typenames)

.debug_varnames
 *(.debug_varnames)

.debug_alt_sim_info
                0x0000000000000000       0x10
 *(.debug_alt_sim_info)
 .debug_alt_sim_info
                0x0000000000000000       0x10 ../lights_bsp//obj/HAL/src/crt0.o
                0x0000000008004000                __alt_data_end = 0x8004000
                0x0000000008004000                PROVIDE (__alt_stack_pointer, __alt_data_end)
                [!provide]                        PROVIDE (__alt_stack_limit, __alt_stack_base)
                [!provide]                        PROVIDE (__alt_heap_start, end)
                [!provide]                        PROVIDE (__alt_heap_limit, 0x8004000)
OUTPUT(lights.elf elf32-littlenios2)

.debug_ranges   0x0000000000000000       0xa0
 .debug_ranges  0x0000000000000000       0x20 ../lights_bsp//obj/HAL/src/crt0.o
 .debug_ranges  0x0000000000000020       0x10 obj/default/hello_world_small.o
 .debug_ranges  0x0000000000000030       0x48 ../lights_bsp//libhal_bsp.a(alt_load.o)
 .debug_ranges  0x0000000000000078       0x18 ../lights_bsp//libhal_bsp.a(alt_printf.o)
 .debug_ranges  0x0000000000000090       0x10 /opt/altera/nios2eds/bin/gnu/H-x86_64-pc-linux-gnu/bin/../lib/gcc/nios2-elf/5.3.0/../../../../../H-x86_64-pc-linux-gnu/nios2-elf/lib/mno-hw-mul/libsmallc.a(lib_a-strlen.o)
